// Jest Snapshot v1, https://goo.gl/fbAQLP

exports[`render correctly 1`] = `
<RCTScrollView>
  <View>
    <Text
      accessible={true}
      allowFontScaling={true}
      ellipsizeMode="tail"
    >
      Hello
    </Text>
    <Text
      accessible={true}
      allowFontScaling={true}
      ellipsizeMode="tail"
    >
      Oh no! The political sphere is ruminating... (No articles available)
    </Text>
    <Text
      accessible={true}
      allowFontScaling={true}
      ellipsizeMode="tail"
    >
      Goodbye
    </Text>
  </View>
</RCTScrollView>
`;
